The Turing machine stopped abnormally. Lot of steps
