The Turing machine stopped abnormally. Access to position -1
